00:58:11 **** Incremental Build of configuration Debug for project BotBuddy ****
make -j8 all 
arm-none-eabi-gcc "../Core/Src/main.c" -mcpu=cortex-m0plus -std=gnu11 -g3 -DDEBUG -DUSE_HAL_DRIVER -DSTM32L031xx -c -I../Core/Inc -I../Drivers/STM32L0xx_HAL_Driver/Inc -I../Drivers/STM32L0xx_HAL_Driver/Inc/Legacy -I../Drivers/CMSIS/Device/ST/STM32L0xx/Include -I../Drivers/CMSIS/Include -O0 -ffunction-sections -fdata-sections -Wall -fstack-usage -fcyclomatic-complexity -MMD -MP -MF"Core/Src/main.d" -MT"Core/Src/main.o" --specs=nano.specs -mfloat-abi=soft -mthumb -o "Core/Src/main.o"
arm-none-eabi-gcc -o "BotBuddy.elf" @"objects.list"   -mcpu=cortex-m0plus -T"C:\Users\Adriel\ECE395_Workspace\BotBuddy\BotBuddy\STM32L031K6TX_FLASH.ld" --specs=nosys.specs -Wl,-Map="BotBuddy.map" -Wl,--gc-sections -static --specs=nano.specs -mfloat-abi=soft -mthumb -Wl,--start-group -lc -lm -Wl,--end-group
Finished building target: BotBuddy.elf
 
arm-none-eabi-size  BotBuddy.elf 
arm-none-eabi-objdump -h -S BotBuddy.elf  > "BotBuddy.list"
   text	   data	    bss	    dec	    hex	filename
   9336	     20	   1644	  11000	   2af8	BotBuddy.elf
Finished building: default.size.stdout
 
Finished building: BotBuddy.list
 

00:58:12 Build Finished. 0 errors, 0 warnings. (took 658ms)

